// Jest Snapshot v1, https://goo.gl/fbAQLP

exports[`<TimeEntry /> renders 1`] = `
<DocumentFragment>
  <div
    class="TimeEntry entry-container tab-container"
  >
    <div
      class="meta-data-container"
    >
      <p
        class="meta-data pipes"
      >
        <span
          class="task"
        >
          test task
        </span>
        <span>
          01.01.2022
        </span>
      </p>
      <h3
        class="title"
      >
        test notes
      </h3>
    </div>
    <div
      class="time-container"
    >
      <div
        class="actions-header"
      >
        <i
          aria-hidden="true"
          class="trash alternate icon delete js-delete"
        />
        <i
          aria-hidden="true"
          class="pencil icon edit js-edit"
        />
      </div>
      <h3
        class="Time"
      >
        <i
          aria-hidden="true"
          class="clock outline icon js-toggle-active"
        />
        1:00
      </h3>
    </div>
  </div>
</DocumentFragment>
`;
