// Jest Snapshot v1, https://goo.gl/fbAQLP

exports[`<Cancel /> renders OAuthOverlay correctly 1`] = `
<DocumentFragment>
  <div
    class="OAuthOverlay"
    data-test="oauth-overlay"
  >
    <h2
      class="title"
    >
      Authorization required üîê
    </h2>
    <div
      class="section"
    >
      <p
        class="notice"
      >
        To view and edit your Harvest time entries on this website, you will have to allow us to access your account. This is done through the OAuth workflow provided by Harvest.
        <br />
        <br />
        The link below takes you to the official Harvest website, where you can authorize us to request access tokens for your account. They will then be sent back to you, encoded. During your session, the website will decode them to access your account. The tokens are only stored inside your browser, as cookies.
        <br />
        <br />
        For additional info on the process, feel free to visit our GitHub repository üêô
        <a
          class="repo-link"
          href="https://github.com/vincentrohde/harvest-dashboard"
        >
          https://github.com/vincentrohde/harvest-dashboard
        </a>
      </p>
      <button
        class="ui icon primary right labeled button cta-link js-cta-link"
        data-link="https://id.getharvest.com/oauth2/authorize?client_id=undefined&response_type=token"
      >
        <i
          aria-hidden="true"
          class="right arrow icon"
        />
        <a
          href="https://id.getharvest.com/oauth2/authorize?client_id=undefined&response_type=token"
        >
          Authorize application
        </a>
      </button>
    </div>
    <div
      class="section"
    >
      <h3
        class="section-title"
      >
        Create new account ‚è∞
      </h3>
      <p
        class="notice"
      >
        If you currently have no Harvest account, you can easily create one for yourself. The link below will take you to the official Harvest website, where you can register a new personal account.
      </p>
      <button
        class="ui icon primary right labeled button cta-link js-cta-link"
        data-link="https://www.getharvest.com"
      >
        <i
          aria-hidden="true"
          class="right arrow icon"
        />
        <a
          href="https://www.getharvest.com"
        >
          Create new account
        </a>
      </button>
    </div>
  </div>
</DocumentFragment>
`;

exports[`<OAuthOverlay /> renders OAuthOverlay correctly 1`] = `
<DocumentFragment>
  <div
    class="OAuthOverlay"
    data-test="oauth-overlay"
  >
    <h2
      class="title"
    >
      Authorization required üîê
    </h2>
    <div
      class="section"
    >
      <p
        class="notice"
      >
        To view and edit your Harvest time entries on this website, you will have to allow us to access your account. This is done through the OAuth workflow provided by Harvest.
        <br />
        <br />
        The link below takes you to the official Harvest website, where you can authorize us to request access tokens for your account. They will then be sent back to you, encoded. During your session, the website will decode them to access your account. The tokens are only stored inside your browser, as cookies.
        <br />
        <br />
        For additional info on the process, feel free to visit our GitHub repository üêô
        <a
          class="repo-link"
          href="https://github.com/vincentrohde/harvest-dashboard"
        >
          https://github.com/vincentrohde/harvest-dashboard
        </a>
      </p>
      <button
        class="ui icon primary right labeled button cta-link js-cta-link"
        data-link="https://id.getharvest.com/oauth2/authorize?client_id=undefined&response_type=token"
      >
        <i
          aria-hidden="true"
          class="right arrow icon"
        />
        <a
          href="https://id.getharvest.com/oauth2/authorize?client_id=undefined&response_type=token"
        >
          Authorize application
        </a>
      </button>
    </div>
    <div
      class="section"
    >
      <h3
        class="section-title"
      >
        Create new account ‚è∞
      </h3>
      <p
        class="notice"
      >
        If you currently have no Harvest account, you can easily create one for yourself. The link below will take you to the official Harvest website, where you can register a new personal account.
      </p>
      <button
        class="ui icon primary right labeled button cta-link js-cta-link"
        data-link="https://www.getharvest.com"
      >
        <i
          aria-hidden="true"
          class="right arrow icon"
        />
        <a
          href="https://www.getharvest.com"
        >
          Create new account
        </a>
      </button>
    </div>
  </div>
</DocumentFragment>
`;
